// Jest Snapshot v1, https://goo.gl/fbAQLP

exports[`The App component it should render the Splash component 1`] = `
<Splash>
  <Page>
    <div
      className="ui-page ui-page-active ui-scroll-on"
    >
      <div
        className="ui-scroller ui-snap-container"
      >
        <Content>
          <div
            className="ui-content"
          >
            <div
              className="small-processing-container"
            >
              <div
                className="ui-processing"
              />
              <div
                className="ui-processing-text"
              >
                Fetching data...
              </div>
            </div>
          </div>
        </Content>
      </div>
    </div>
  </Page>
</Splash>
`;
